C51 COMPILER V9.00   STC12C                                                                04/08/2017 20:27:01 PAGE 1   


C51 COMPILER V9.00, COMPILATION OF MODULE STC12C
OBJECT MODULE PLACED IN stc12c.OBJ
COMPILER INVOKED BY: D:\Keil\C51\BIN\C51.EXE stc12c.C LARGE BROWSE DEBUG OBJECTEXTEND

line level    source

   1          /*  BYTE Registers  */
   2          sfr P0   = 0x80;
   3          sfr SP    = 0x81;
   4          sfr DPL   = 0x82;
   5          sfr DPH   = 0x83;
   6          sfr SPSTAT= 0x84;
   7          sfr SPCTL = 0x85;
   8          sfr SPDAT = 0x86;
   9          sfr PCON  = 0x87;
  10          sfr TCON  = 0x88;
  11          sfr TMOD  = 0x89;
  12          sfr TL0   = 0x8A;
  13          sfr TL1   = 0x8B;
  14          sfr TH0   = 0x8C;
  15          sfr TH1   = 0x8D;
  16          sfr AUXR  = 0x8E;
  17          
  18          
  19          sfr P1    = 0x90;
  20          sfr P1M0  = 0x91;
  21          sfr P1M1  = 0x92;
  22          sfr P0M0  = 0x93;
  23          sfr P0M1  = 0x94;
  24          sfr P2M0  = 0x95;
  25          sfr P2M1  = 0x96;
  26          
  27          sfr SCON  = 0x98;
  28          sfr SBUF  = 0x99;
  29          
  30          sfr P2    = 0xA0;
  31          sfr TEST_WDT = 0xA7;
  32          sfr IE    = 0xA8;
  33          sfr SADDR = 0xA9;
  34          
  35          sfr P3    = 0xB0;
  36          sfr P3M0  = 0xB1;
  37          sfr P3M1  = 0xB2;
  38          sfr IPH   = 0xB7;
  39          sfr IP    = 0xB8;
  40          sfr SADEN = 0xB9;
  41          sfr ADC_DATA2  = 0xBE;
  42          sfr ADC_LOW2   = 0xBE;
  43          /*  8052 Extensions  */
  44          
  45          sfr ADC_CONTR  = 0xC5;
  46          sfr ADC_DATA8  = 0xC6;
  47          sfr ADC_DATA   = 0xC6;
  48          sfr CLK_DIV    = 0xC7;
  49          
  50          sfr T2CON      = 0xC8;
  51          sfr RCAP2L     = 0xCA;
  52          sfr RCAP2H     = 0xCB;
  53          sfr TL2        = 0xCC;
  54          sfr TH2        = 0xCD;
  55          
C51 COMPILER V9.00   STC12C                                                                04/08/2017 20:27:01 PAGE 2   

  56          sfr PSW        = 0xD0;
  57          sfr CCON       = 0xD8;
  58          sfr CMOD       = 0xD9;
  59          sfr CCAPM0     = 0xDA;
  60          sfr CCAPM1     = 0xDB;
  61          sfr CCAPM2     = 0xDC;
  62          sfr CCAPM3     = 0xDD;
  63          
  64          sfr ACC        = 0xE0;
  65          sfr WDT_CONTR  = 0xe1;
  66          sfr isp_data   = 0xe2;
  67          sfr isp_addrh  = 0xe3;
  68          sfr isp_addrl  = 0xe4;
  69          sfr isp_cmd    = 0xe5;
  70          sfr isp_trig   = 0xe6;
  71          sfr isp_contr  = 0xe7;
  72          
  73          sfr CL      = 0xe9;
  74          sfr CCAP0L  = 0xeA;
  75          sfr CCAP1L  = 0xeB;
  76          sfr CCAP2L  = 0xeC;
  77          sfr CCAP3L  = 0xeD;
  78          
  79          sfr B     = 0xF0;
  80          
  81          sfr PCA_PWM0= 0xF2;
  82          sfr PCA_PWM1= 0xF3;
  83          sfr PCA_PWM2= 0xF4;
  84          sfr PCA_PWM3= 0xF5;
  85          
  86          
  87          sfr CH    = 0xF9;
  88          sfr CCAP0H= 0xFA;
  89          sfr CCAP1H= 0xFB;
  90          sfr CCAP2H= 0xFC;
  91          sfr CCAP3H= 0xFD;
  92          
  93          //----------------------------------
  94          /*  BIT Registers  */
  95          /*  PSW  */
  96          sbit CY    = 0xD7;
  97          sbit AC    = 0xD6;
  98          sbit F0    = 0xD5;
  99          sbit RS1   = 0xD4;
 100          sbit RS0   = 0xD3;
 101          sbit OV    = 0xD2;
 102          sbit P     = 0xD0;
 103          
 104          /*  TCON  */
 105          sbit TF1   = 0x8F;
 106          sbit TR1   = 0x8E;
 107          sbit TF0   = 0x8D;
 108          sbit TR0   = 0x8C;
 109          sbit IE1   = 0x8B;
 110          sbit IT1   = 0x8A;
 111          sbit IE0   = 0x89;
 112          sbit IT0   = 0x88;
 113          
 114          /*  IE  */
 115          sbit EA    = 0xAF;
 116          sbit ES    = 0xAC;
 117          sbit ET1   = 0xAB;
C51 COMPILER V9.00   STC12C                                                                04/08/2017 20:27:01 PAGE 3   

 118          sbit EX1   = 0xAA;
 119          sbit ET0   = 0xA9;
 120          sbit EX0   = 0xA8;
 121          
 122          /*  IP  */
 123          sbit PS    = 0xBC;
 124          sbit PT1   = 0xBB;
 125          sbit PX1   = 0xBA;
 126          sbit PT0   = 0xB9;
 127          sbit PX0   = 0xB8;
 128          
 129          /*  P3  */
 130          sbit RD   = 0xB7;
 131          sbit WR   = 0xB6;
 132          sbit T1   = 0xB5;
 133          sbit T0   = 0xB4;
 134          sbit INT1 = 0xB3;
 135          sbit INT0 = 0xB2;
 136          sbit TXD  = 0xB1;
 137          sbit RXD  = 0xB0;
 138          
 139          /*  SCON  */
 140          sbit SM0   = 0x9F;
 141          sbit SM1   = 0x9E;
 142          sbit SM2   = 0x9D;
 143          sbit REN   = 0x9C;
 144          sbit TB8   = 0x9B;
 145          sbit RB8   = 0x9A;
 146          sbit TI    = 0x99;
 147          sbit RI    = 0x98;
 148          
 149          /*  8052 Extensions  */
 150          /*  IE  */
 151          sbit ET2   = 0xAD;
 152          
 153          /*  IP  */
 154          sbit PT2   = 0xBD;
 155          
 156          /*  P1  */
 157          sbit T2EX  = 0x91;
 158          sbit T2    = 0x90;
 159                       
 160          /*  T2CON  */
 161          sbit TF2   = 0xCF;
 162          sbit T2IP  = 0xCE;
 163          sbit T2IE  = 0xCD;
 164          sbit T2RSE = 0xCC;
 165          sbit BGEN  = 0xCB;
 166          sbit TR2   = 0xCA;
 167          sbit C_T2  = 0xC9;
 168          sbit CP_RL2= 0xC8;
 169          


MODULE INFORMATION:   STATIC OVERLAYABLE
   CODE SIZE        =   ----    ----
   CONSTANT SIZE    =   ----    ----
   XDATA SIZE       =   ----    ----
   PDATA SIZE       =   ----    ----
   DATA SIZE        =   ----    ----
   IDATA SIZE       =   ----    ----
   BIT SIZE         =   ----    ----
C51 COMPILER V9.00   STC12C                                                                04/08/2017 20:27:01 PAGE 4   

END OF MODULE INFORMATION.


C51 COMPILATION COMPLETE.  0 WARNING(S),  0 ERROR(S)
