C51 COMPILER V9.00   TIMER                                                                 04/08/2017 20:27:02 PAGE 1   


C51 COMPILER V9.00, COMPILATION OF MODULE TIMER
OBJECT MODULE PLACED IN timer.OBJ
COMPILER INVOKED BY: D:\Keil\C51\BIN\C51.EXE timer.c LARGE BROWSE DEBUG OBJECTEXTEND

line level    source

   1          #include "timer.h"
   2          
   3          extern BYTE timer_key;
   4          extern BYTE scale_line_status;
   5          void TimerInit(void)
   6          {
   7   1              TMOD = 0x01; //16位定时器
   8   1          TL0  = 0x3C; //50ms定时
   9   1          TH0  = 0xB0;
  10   1      
  11   1          timer_key = 100;
  12   1      
  13   1          ET0 = 1; //允许T0中断                                                      
  14   1          EA  = 1; //开放中断
  15   1          TR0 = 1;
  16   1      }
  17          
  18          void Timer_Routine(void) interrupt 1
  19          {
  20   1          TL0  = 0x3C;
  21   1          TH0  = 0xB0;
  22   1      
  23   1          timer_key--;
  24   1      
  25   1          if(0 == timer_key){
  26   2             
  27   2             timer_key = 100;
  28   2                 scale_line_status = 1;
  29   2          }        
  30   1      }


MODULE INFORMATION:   STATIC OVERLAYABLE
   CODE SIZE        =     59    ----
   CONSTANT SIZE    =   ----    ----
   XDATA SIZE       =   ----    ----
   PDATA SIZE       =   ----    ----
   DATA SIZE        =   ----    ----
   IDATA SIZE       =   ----    ----
   BIT SIZE         =   ----    ----
END OF MODULE INFORMATION.


C51 COMPILATION COMPLETE.  0 WARNING(S),  0 ERROR(S)
